
> 1click-temp-mail-autofill@2.0.0 typecheck
> tsc --noEmit

src/entrypoints/background.ts(74,19): error TS1005: ',' expected.
src/entrypoints/background.ts(145,25): error TS1005: ',' expected.
src/entrypoints/background.ts(159,38): error TS1005: ',' expected.
src/entrypoints/background.ts(163,44): error TS1005: ',' expected.
src/entrypoints/background.ts(174,62): error TS1005: ',' expected.
src/entrypoints/background.ts(196,9): error TS1005: ',' expected.
src/entrypoints/background.ts(209,51): error TS1005: ',' expected.
src/entrypoints/background.ts(273,36): error TS1005: ',' expected.
src/entrypoints/background.ts(314,47): error TS1005: ',' expected.
src/entrypoints/background.ts(330,46): error TS1005: ',' expected.
src/entrypoints/background.ts(335,42): error TS1005: ',' expected.
src/entrypoints/background.ts(345,46): error TS1005: ',' expected.
src/entrypoints/background.ts(351,46): error TS1005: ',' expected.
src/entrypoints/background.ts(361,47): error TS1005: ',' expected.
src/entrypoints/background.ts(417,11): error TS1005: ',' expected.
src/entrypoints/background.ts(446,60): error TS1005: ',' expected.
src/entrypoints/background.ts(515,54): error TS1005: ',' expected.
src/entrypoints/background.ts(531,37): error TS1005: ',' expected.
src/entrypoints/background.ts(593,34): error TS1005: ',' expected.
src/entrypoints/background.ts(632,9): error TS1005: ',' expected.
src/entrypoints/background.ts(634,9): error TS1005: ',' expected.
src/entrypoints/background.ts(666,36): error TS1005: ',' expected.
src/entrypoints/background.ts(673,62): error TS1005: ',' expected.
src/entrypoints/background.ts(699,37): error TS1005: ',' expected.
src/entrypoints/background.ts(706,9): error TS1005: ',' expected.
src/entrypoints/background.ts(721,39): error TS1005: ',' expected.
src/entrypoints/background.ts(731,9): error TS1005: ',' expected.
src/entrypoints/background.ts(766,56): error TS1005: ',' expected.
src/entrypoints/background.ts(780,11): error TS1005: ',' expected.
src/entrypoints/background.ts(817,32): error TS1005: ',' expected.
src/entrypoints/background.ts(843,36): error TS1005: ',' expected.
src/entrypoints/background.ts(920,36): error TS1005: ',' expected.
src/entrypoints/background.ts(930,51): error TS1005: ',' expected.
src/entrypoints/background.ts(945,38): error TS1005: ',' expected.
src/entrypoints/background.ts(950,36): error TS1005: ',' expected.
src/entrypoints/content.ts(216,26): error TS1005: ',' expected.
src/entrypoints/content.ts(225,26): error TS1005: ',' expected.
src/entrypoints/content.ts(255,53): error TS1005: ',' expected.
src/entrypoints/content.ts(333,49): error TS1005: ',' expected.
src/entrypoints/content.ts(427,59): error TS1005: ',' expected.
src/popup/data-manager.ts(109,11): error TS1005: ',' expected.
src/popup/popup.ts(738,36): error TS1005: ',' expected.
src/popup/popup.ts(970,32): error TS1005: ',' expected.
src/popup/popup.ts(1109,32): error TS1005: ',' expected.
src/popup/popup.ts(1513,37): error TS1005: ',' expected.
src/popup/popup.ts(1516,38): error TS1005: ',' expected.
src/popup/popup.ts(1522,36): error TS1005: ',' expected.
src/popup/popup.ts(1540,73): error TS1005: ',' expected.
src/popup/popup.ts(1729,37): error TS1005: ',' expected.
src/popup/popup.ts(1762,35): error TS1005: ',' expected.
src/popup/popup.ts(1770,35): error TS1005: ',' expected.
src/popup/popup.ts(1778,51): error TS1005: ',' expected.
src/popup/popup.ts(1811,38): error TS1005: ',' expected.
src/popup/popup.ts(2110,43): error TS1005: ',' expected.
src/popup/popup.ts(2130,43): error TS1005: ',' expected.
src/popup/popup.ts(2138,43): error TS1005: ',' expected.
src/popup/popup.ts(2145,39): error TS1005: ',' expected.
src/popup/popup.ts(2166,39): error TS1005: ',' expected.
src/popup/popup.ts(2174,39): error TS1005: ',' expected.
src/popup/popup.ts(2182,39): error TS1005: ',' expected.
src/popup/popup.ts(2189,38): error TS1005: ',' expected.
src/popup/popup.ts(2200,48): error TS1005: ',' expected.
src/popup/popup.ts(2213,39): error TS1005: ',' expected.
src/popup/popup.ts(2261,49): error TS1005: ',' expected.
src/popup/popup.ts(2410,30): error TS1005: ',' expected.
src/popup/popup.ts(2479,34): error TS1005: ',' expected.
src/popup/popup.ts(2785,36): error TS1005: ',' expected.
src/popup/popup.ts(2825,36): error TS1005: ',' expected.
src/popup/popup.ts(3282,36): error TS1005: ',' expected.
src/popup/popup.ts(3305,36): error TS1005: ',' expected.
src/popup/popup.ts(3332,36): error TS1005: ',' expected.
src/popup/popup.ts(3367,43): error TS1005: ',' expected.
src/popup/popup.ts(3388,36): error TS1005: ',' expected.
src/popup/popup.ts(3423,36): error TS1005: ',' expected.
